ƑƲʆƖƑƲƧƇƛƬƠƦA	dWebHook
ƑƲʆƖƑƲƧƇƛƬƠƦb	get_WebHook
ƑƲʆƖƑƲƧƇƛƬƠƦB	set_WebHook
ƑƲʆƖƑƲƧƇƛƬƠƦc	get_UserName
ƑƲʆƖƑƲƧƇƛƬƠƦC	set_UserName
ƑƲʆƖƑƲƧƇƛƬƠƦd	get_ProfilePicture
ƑƲʆƖƑƲƧƇƛƬƠƦD	set_ProfilePicture
ƑƲʆƖƑƲƧƇƛƬƠƦe	SendMessage
ƑƲʆƖƑƲƧƇƛƬƠƦE	dWebClient
ƑƲʆƖƑƲƧƇƛƬƠƦf	discordValues
ƑƲʆƖƑƲƧƇƛƬƠƦF	<WebHook>k__BackingField
ƑƲʆƖƑƲƧƇƛƬƠƦg	<UserName>k__BackingField
ƑƲʆƖƑƲƧƇƛƬƠƦG	<ProfilePicture>k__BackingField
ƑƲʆƖƑƲƧƇƛƬƠƦh	WebHook
ƑƲʆƖƑƲƧƇƛƬƠƦH	UserName
ƑƲʆƖƑƲƧƇƛƬƠƦi	ProfilePicture
ƑƲʆƖƑƲƧƇƛƬƠƦI	ProjectMainDab.AxonSimpleUIForm
ƑƲʆƖƑƲƧƇƛƬƠƦj	ReleaseCapture
ƑƲʆƖƑƲƧƇƛƬƠƦJ	GetConsoleWindow
ƑƲʆƖƑƲƧƇƛƬƠƦk	ShowWindow
ƑƲʆƖƑƲƧƇƛƬƠƦK	TitleDraggable_MouseDown
ƑƲʆƖƑƲƧƇƛƬƠƦl	CloseButton_Click
ƑƲʆƖƑƲƧƇƛƬƠƦL	MinimizeButton_Click
ƑƲʆƖƑƲƧƇƛƬƠƦm	Inject_Click
ƑƲʆƖƑƲƧƇƛƬƠƦM	ExecuteButton_Click
ƑƲʆƖƑƲƧƇƛƬƠƦn	ClearButton_Click
ƑƲʆƖƑƲƧƇƛƬƠƦN	OpenButton_Click
ƑƲʆƖƑƲƧƇƛƬƠƦo	StatusTimer_Tick
ƑƲʆƖƑƲƧƇƛƬƠƦO	AxonSimpleUIForm_Load
ƑƲʆƖƑƲƧƇƛƬƠƦp	TitleDraggable_Click
ƑƲʆƖƑƲƧƇƛƬƠƦP	button5_Click
ƑƲʆƖƑƲƧƇƛƬƠƦq	label1_Click
ƑƲʆƖƑƲƧƇƛƬƠƦQ	addIntel
ƑƲʆƖƑƲƧƇƛƬƠƦr	addGlobalF
ƑƲʆƖƑƲƧƇƛƬƠƦR	addGlobalV
ƑƲʆƖƑƲƧƇƛƬƠƦs	addGlobalNS
ƑƲʆƖƑƲƧƇƛƬƠƦS	addMath
ƑƲʆƖƑƲƧƇƛƬƠƦt	addBase
ƑƲʆƖƑƲƧƇƛƬƠƦT	contextMenuStrip1_Opening
ƑƲʆƖƑƲƧƇƛƬƠƦu	loadToExecutorToolStripMenuItem_Click
ƑƲʆƖƑƲƧƇƛƬƠƦU	backgroundWorker1_DoWork
ƑƲʆƖƑƲƧƇƛƬƠƦv	listBox1_SelectedIndexChanged
ƑƲʆƖƑƲƧƇƛƬƠƦV	button6_Click
ƑƲʆƖƑƲƧƇƛƬƠƦw	MonacoEditor_DocumentCompleted
ƑƲʆƖƑƲƧƇƛƬƠƦW	pictureBox3_Click
ƑƲʆƖƑƲƧƇƛƬƠƦx	pictureBox4_Click
ƑƲʆƖƑƲƧƇƛƬƠƦX	pictureBox5_Click
ƑƲʆƖƑƲƧƇƛƬƠƦy	pictureBox1_Click
ƑƲʆƖƑƲƧƇƛƬƠƦY	pictureBox6_Click
ƑƲʆƖƑƲƧƇƛƬƠƦz	comboBox1_SelectedIndexChanged
ƑƲʆƖƑƲƧƇƛƬƠƦZ	button4_Click_1
ƑƲʆƖƑƲƧƇƛƬƠƦ0	button1_Click_1
ƑƲʆƖƑƲƧƇƛƬƠƦ1	pictureBox2_Click
ƑƲʆƖƑƲƧƇƛƬƠƦ2	button3_Click_1
ƑƲʆƖƑƲƧƇƛƬƠƦ3	button6_Click_1
ƑƲʆƖƑƲƧƇƛƬƠƦ4	button7_Click
ƑƲʆƖƑƲƧƇƛƬƠƦ5	tabPage1_Click
ƑƲʆƖƑƲƧƇƛƬƠƦ6	MonacoEditor_DocumentCompleted_1
ƑƲʆƖƑƲƧƇƛƬƠƦ7	pictureBox7_Click
ƑƲʆƖƑƲƧƇƛƬƠƦ8	label4_Click
ƑƲʆƖƑƲƧƇƛƬƠƦ9	button2_Click
ƑƲʆƖƑƲƧƇƛƬƠƦaA	pictureBox8_Click
ƑƲʆƖƑƲƧƇƛƬƠƦAA	StatusLabel_Click
ƑƲʆƖƑƲƧƇƛƬƠƦbA	label8_Click
ƑƲʆƖƑƲƧƇƛƬƠƦBA	Dispose
ƑƲʆƖƑƲƧƇƛƬƠƦcA	InitializeComponent
ƑƲʆƖƑƲƧƇƛƬƠƦCA	m
ƑƲʆƖƑƲƧƇƛƬƠƦdA	WM_NCLBUTTONDOWN
ƑƲʆƖƑƲƧƇƛƬƠƦDA	HT_CAPTION
ƑƲʆƖƑƲƧƇƛƬƠƦeA	SW_HIDE
ƑƲʆƖƑƲƧƇƛƬƠƦEA	SW_SHOW
ƑƲʆƖƑƲƧƇƛƬƠƦfA	client
ƑƲʆƖƑƲƧƇƛƬƠƦFA	wc
ƑƲʆƖƑƲƧƇƛƬƠƦgA	defPath
ƑƲʆƖƑƲƧƇƛƬƠƦGA	svCheck
ƑƲʆƖƑƲƧƇƛƬƠƦhA	components
ƑƲʆƖƑƲƧƇƛƬƠƦHA	TitleDraggable
ƑƲʆƖƑƲƧƇƛƬƠƦiA	CloseButton
ƑƲʆƖƑƲƧƇƛƬƠƦIA	MinimizeButton
ƑƲʆƖƑƲƧƇƛƬƠƦjA	StatusTimer
ƑƲʆƖƑƲƧƇƛƬƠƦJA	StatusLabel
ƑƲʆƖƑƲƧƇƛƬƠƦkA	label1
ƑƲʆƖƑƲƧƇƛƬƠƦKA	contextMenuStrip1
ƑƲʆƖƑƲƧƇƛƬƠƦlA	loadToExecutorToolStripMenuItem
ƑƲʆƖƑƲƧƇƛƬƠƦLA	executeToolStripMenuItem
ƑƲʆƖƑƲƧƇƛƬƠƦmA	refreshListToolStripMenuItem
ƑƲʆƖƑƲƧƇƛƬƠƦMA	backgroundWorker1
ƑƲʆƖƑƲƧƇƛƬƠƦnA	pictureBox1
ƑƲʆƖƑƲƧƇƛƬƠƦNA	pictureBox2
ƑƲʆƖƑƲƧƇƛƬƠƦoA	pictureBox3
ƑƲʆƖƑƲƧƇƛƬƠƦOA	pictureBox4
ƑƲʆƖƑƲƧƇƛƬƠƦpA	pictureBox5
ƑƲʆƖƑƲƧƇƛƬƠƦPA	pictureBox6
ƑƲʆƖƑƲƧƇƛƬƠƦqA	panel1
ƑƲʆƖƑƲƧƇƛƬƠƦQA	label2
ƑƲʆƖƑƲƧƇƛƬƠƦrA	button1
ƑƲʆƖƑƲƧƇƛƬƠƦRA	button4
ƑƲʆƖƑƲƧƇƛƬƠƦsA	label3
ƑƲʆƖƑƲƧƇƛƬƠƦSA	tabControl1
ƑƲʆƖƑƲƧƇƛƬƠƦtA	tabPage1
ƑƲʆƖƑƲƧƇƛƬƠƦTA	tabPage2
ƑƲʆƖƑƲƧƇƛƬƠƦuA	button7
ƑƲʆƖƑƲƧƇƛƬƠƦUA	button6
ƑƲʆƖƑƲƧƇƛƬƠƦvA	button3
ƑƲʆƖƑƲƧƇƛƬƠƦVA	MonacoEditor
ƑƲʆƖƑƲƧƇƛƬƠƦwA	pictureBox7
ƑƲʆƖƑƲƧƇƛƬƠƦWA	panel2
ƑƲʆƖƑƲƧƇƛƬƠƦxA	label8
ƑƲʆƖƑƲƧƇƛƬƠƦXA	label7
ƑƲʆƖƑƲƧƇƛƬƠƦyA	label6
ƑƲʆƖƑƲƧƇƛƬƠƦYA	textBox1
ƑƲʆƖƑƲƧƇƛƬƠƦzA	label5
ƑƲʆƖƑƲƧƇƛƬƠƦZA	label4
ƑƲʆƖƑƲƧƇƛƬƠƦ0A	button2
ƑƲʆƖƑƲƧƇƛƬƠƦ1A	contextMenuStrip2
ƑƲʆƖƑƲƧƇƛƬƠƦ2A	pictureBox8
ƑƲʆƖƑƲƧƇƛƬƠƦ3A	ƑƲʆƖƑƲƧƇƛƬƠƦI/<>c
ƑƲʆƖƑƲƧƇƛƬƠƦ4A	<.ctor>b__1_0
ƑƲʆƖƑƲƧƇƛƬƠƦ5A	<.ctor>b__1_1
ƑƲʆƖƑƲƧƇƛƬƠƦ6A	ProjectMainDab.Form2
ƑƲʆƖƑƲƧƇƛƬƠƦ7A	Form2_Load
ƑƲʆƖƑƲƧƇƛƬƠƦ8A	button4_Click
ƑƲʆƖƑƲƧƇƛƬƠƦ9A	button8_Click
ƑƲʆƖƑƲƧƇƛƬƠƦab	button3_Click
ƑƲʆƖƑƲƧƇƛƬƠƦAb	button1_Click
ƑƲʆƖƑƲƧƇƛƬƠƦbb	button5
ƑƲʆƖƑƲƧƇƛƬƠƦBb	button8
ƑƲʆƖƑƲƧƇƛƬƠƦcb	ProjectMainDab.Form3
ƑƲʆƖƑƲƧƇƛƬƠƦCb	Form3_Load
ƑƲʆƖƑƲƧƇƛƬƠƦdb	button2_Click_1
ƑƲʆƖƑƲƧƇƛƬƠƦDb	richTextBox1_TextChanged
ƑƲʆƖƑƲƧƇƛƬƠƦeb	richTextBox1
ƑƲʆƖƑƲƧƇƛƬƠƦEb	ProjectMainDab.Form4
ƑƲʆƖƑƲƧƇƛƬƠƦfb	Form4_Load
ƑƲʆƖƑƲƧƇƛƬƠƦFb	label2_Click
ƑƲʆƖƑƲƧƇƛƬƠƦgb	listBox1
ƑƲʆƖƑƲƧƇƛƬƠƦGb	timer1
ƑƲʆƖƑƲƧƇƛƬƠƦhb	ƑƲʆƖƑƲƧƇƛƬƠƦEb/<>c
ƑƲʆƖƑƲƧƇƛƬƠƦHb	<.ctor>b__0_0
ƑƲʆƖƑƲƧƇƛƬƠƦib	<.ctor>b__0_1
ƑƲʆƖƑƲƧƇƛƬƠƦIb	ProjectMainDab.Form5
ƑƲʆƖƑƲƧƇƛƬƠƦjb	Project_MainDab_Load
ƑƲʆƖƑƲƧƇƛƬƠƦJb	richTextBox2
ƑƲʆƖƑƲƧƇƛƬƠƦkb	openFileDialog1
ƑƲʆƖƑƲƧƇƛƬƠƦKb	ProjectMainDab.Form6
ƑƲʆƖƑƲƧƇƛƬƠƦlb	Form6_Load
ƑƲʆƖƑƲƧƇƛƬƠƦLb	textBox1_TextChanged
ƑƲʆƖƑƲƧƇƛƬƠƦmb	textBox2
ƑƲʆƖƑƲƧƇƛƬƠƦMb	ProjectMainDab.Form7
ƑƲʆƖƑƲƧƇƛƬƠƦnb	ProjectMainDab.Functions
ƑƲʆƖƑƲƧƇƛƬƠƦNb	Inject
ƑƲʆƖƑƲƧƇƛƬƠƦob	PopulateListBox
ƑƲʆƖƑƲƧƇƛƬƠƦOb	PopulateListBox1
ƑƲʆƖƑƲƧƇƛƬƠƦpb	exploitdllname
ƑƲʆƖƑƲƧƇƛƬƠƦPb	openfiledialog
ƑƲʆƖƑƲƧƇƛƬƠƦqb	ƑƲʆƖƑƲƧƇƛƬƠƦnb/<>c
ƑƲʆƖƑƲƧƇƛƬƠƦQb	<Inject>b__1_0
ƑƲʆƖƑƲƧƇƛƬƠƦrb	ProjectMainDab.Hub1
ƑƲʆƖƑƲƧƇƛƬƠƦRb	Hub1_Load
ƑƲʆƖƑƲƧƇƛƬƠƦsb	fileSystemWatcher1
ƑƲʆƖƑƲƧƇƛƬƠƦSb	ProjectMainDab.Injector
ƑƲʆƖƑƲƧƇƛƬƠƦtb	ƑƲʆƖƑƲƧƇƛƬƠƦSb/DllInjectionResult
ƑƲʆƖƑƲƧƇƛƬƠƦTb	ƑƲʆƖƑƲƧƇƛƬƠƦSb/DllInjector
ƑƲʆƖƑƲƧƇƛƬƠƦub	OpenProcess
ƑƲʆƖƑƲƧƇƛƬƠƦUb	CloseHandle
ƑƲʆƖƑƲƧƇƛƬƠƦvb	GetProcAddress
ƑƲʆƖƑƲƧƇƛƬƠƦVb	GetModuleHandle
ƑƲʆƖƑƲƧƇƛƬƠƦwb	VirtualAllocEx
ƑƲʆƖƑƲƧƇƛƬƠƦWb	WriteProcessMemory
ƑƲʆƖƑƲƧƇƛƬƠƦxb	CreateRemoteThread
ƑƲʆƖƑƲƧƇƛƬƠƦXb	get_GetInstance
ƑƲʆƖƑƲƧƇƛƬƠƦyb	bInject
ƑƲʆƖƑƲƧƇƛƬƠƦYb	INTPTR_ZERO
ƑƲʆƖƑƲƧƇƛƬƠƦzb	_instance
ƑƲʆƖƑƲƧƇƛƬƠƦZb	GetInstance
ƑƲʆƖƑƲƧƇƛƬƠƦ0b	ProjectMainDab.NamedPipes
ƑƲʆƖƑƲƧƇƛƬƠƦ1b	WaitNamedPipe
ƑƲʆƖƑƲƧƇƛƬƠƦ2b	NamedPipeExist
ƑƲʆƖƑƲƧƇƛƬƠƦ3b	LuaPipe
ƑƲʆƖƑƲƧƇƛƬƠƦ4b	luapipename
ƑƲʆƖƑƲƧƇƛƬƠƦ5b	ƑƲʆƖƑƲƧƇƛƬƠƦ0b/<>c__DisplayClass3_0
ƑƲʆƖƑƲƧƇƛƬƠƦ6b	<LuaPipe>b__0
ƑƲʆƖƑƲƧƇƛƬƠƦ7b	script
ƑƲʆƖƑƲƧƇƛƬƠƦ8b	ProjectMainDab.Program
ƑƲʆƖƑƲƧƇƛƬƠƦ9b	Main
ƑƲʆƖƑƲƧƇƛƬƠƦaB	ProjectMainDab.SynapseX___mainj1
ƑƲʆƖƑƲƧƇƛƬƠƦAB	LaunchExploit
ƑƲʆƖƑƲƧƇƛƬƠƦbB	SendLuaCScript
ƑƲʆƖƑƲƧƇƛƬƠƦBB	SendLimitedLuaScript
ƑƲʆƖƑƲƧƇƛƬƠƦcB	SendCommand
ƑƲʆƖƑƲƧƇƛƬƠƦCB	fastColoredTextBox1_Load
ƑƲʆƖƑƲƧƇƛƬƠƦdB	button9_Click
ƑƲʆƖƑƲƧƇƛƬƠƦDB	Form1_Load
ƑƲʆƖƑƲƧƇƛƬƠƦeB	button10_Click
ƑƲʆƖƑƲƧƇƛƬƠƦEB	Button6_Click
ƑƲʆƖƑƲƧƇƛƬƠƦfB	Button3_MouseEnter
ƑƲʆƖƑƲƧƇƛƬƠƦFB	Button3_MouseLeave
ƑƲʆƖƑƲƧƇƛƬƠƦgB	Button2_MouseEnter
ƑƲʆƖƑƲƧƇƛƬƠƦGB	Button2_MouseLeave
ƑƲʆƖƑƲƧƇƛƬƠƦhB	Button1_MouseEnter
ƑƲʆƖƑƲƧƇƛƬƠƦHB	Button1_MouseLeave
ƑƲʆƖƑƲƧƇƛƬƠƦiB	Button4_MouseEnter
ƑƲʆƖƑƲƧƇƛƬƠƦIB	Button4_MouseLeave
ƑƲʆƖƑƲƧƇƛƬƠƦjB	Button5_MouseEnter
ƑƲʆƖƑƲƧƇƛƬƠƦJB	Button5_MouseLeave
ƑƲʆƖƑƲƧƇƛƬƠƦkB	Button6_MouseEnter
ƑƲʆƖƑƲƧƇƛƬƠƦKB	Button6_MouseLeave
ƑƲʆƖƑƲƧƇƛƬƠƦlB	Button7_MouseEnter
ƑƲʆƖƑƲƧƇƛƬƠƦLB	Button7_MouseLeave
ƑƲʆƖƑƲƧƇƛƬƠƦmB	Button8_MouseEnter
ƑƲʆƖƑƲƧƇƛƬƠƦMB	Button8_MouseLeave
ƑƲʆƖƑƲƧƇƛƬƠƦnB	Button10_MouseEnter
ƑƲʆƖƑƲƧƇƛƬƠƦNB	Button10_MouseLeave
ƑƲʆƖƑƲƧƇƛƬƠƦoB	Button2_Click
ƑƲʆƖƑƲƧƇƛƬƠƦOB	Button3_Click
ƑƲʆƖƑƲƧƇƛƬƠƦpB	Button8_Click
ƑƲʆƖƑƲƧƇƛƬƠƦPB	Label3_Click
ƑƲʆƖƑƲƧƇƛƬƠƦqB	Form1_FormClosed
ƑƲʆƖƑƲƧƇƛƬƠƦQB	panel1_Paint
ƑƲʆƖƑƲƧƇƛƬƠƦrB	button10
ƑƲʆƖƑƲƧƇƛƬƠƦRB	saveFileDialog1
ƑƲʆƖƑƲƧƇƛƬƠƦsB	bunifuDragControl1
ƑƲʆƖƑƲƧƇƛƬƠƦSB	bunifuDragControl2
ƑƲʆƖƑƲƧƇƛƬƠƦtB	bunifuDragControl4
ƑƲʆƖƑƲƧƇƛƬƠƦTB	bunifuDragControl5
ƑƲʆƖƑƲƧƇƛƬƠƦuB	webBrowser1
ƑƲʆƖƑƲƧƇƛƬƠƦUB	bunifuDragControl3
ƑƲʆƖƑƲƧƇƛƬƠƦvB	bunifuDragControl6
ƑƲʆƖƑƲƧƇƛƬƠƦVB	bunifuDragControl7
ƑƲʆƖƑƲƧƇƛƬƠƦwB	bunifuDragControl8
ƑƲʆƖƑƲƧƇƛƬƠƦWB	ƑƲʆƖƑƲƧƇƛƬƠƦaB/<Form1_Load>d__16
ƑƲʆƖƑƲƧƇƛƬƠƦxB	<>1__state
ƑƲʆƖƑƲƧƇƛƬƠƦXB	<>t__builder
ƑƲʆƖƑƲƧƇƛƬƠƦyB	sender
ƑƲʆƖƑƲƧƇƛƬƠƦYB	e
ƑƲʆƖƑƲƧƇƛƬƠƦzB	<>4__this
ƑƲʆƖƑƲƧƇƛƬƠƦZB	<wc>5__1
ƑƲʆƖƑƲƧƇƛƬƠƦ0B	<registryKey>5__2
ƑƲʆƖƑƲƧƇƛƬƠƦ1B	<friendlyName>5__3
ƑƲʆƖƑƲƧƇƛƬƠƦ2B	<flag2>5__4
ƑƲʆƖƑƲƧƇƛƬƠƦ3B	<flag3>5__5
ƑƲʆƖƑƲƧƇƛƬƠƦ4B	<>u__1
ƑƲʆƖƑƲƧƇƛƬƠƦ5B	ProjectMainDab.Properties.Resources
ƑƲʆƖƑƲƧƇƛƬƠƦ6B	get_ResourceManager
ƑƲʆƖƑƲƧƇƛƬƠƦ7B	get_Culture
ƑƲʆƖƑƲƧƇƛƬƠƦ8B	set_Culture
ƑƲʆƖƑƲƧƇƛƬƠƦ9B	get__1582967204532
ƑƲʆƖƑƲƧƇƛƬƠƦac	get__7uJh9W
ƑƲʆƖƑƲƧƇƛƬƠƦAc	get__7uJh9W1
ƑƲʆƖƑƲƧƇƛƬƠƦbc	get__936_9363053_easy_button_png_share_icon_transparent
ƑƲʆƖƑƲƧƇƛƬƠƦBc	get__default
ƑƲʆƖƑƲƧƇƛƬƠƦcc	get_antisst
ƑƲʆƖƑƲƧƇƛƬƠƦCc	get_clear
ƑƲʆƖƑƲƧƇƛƬƠƦdc	get_Execute
ƑƲʆƖƑƲƧƇƛƬƠƦDc	get_ezgif_com_webp_to_jpg
ƑƲʆƖƑƲƧƇƛƬƠƦec	get_Inject
ƑƲʆƖƑƲƧƇƛƬƠƦEc	get_open
ƑƲʆƖƑƲƧƇƛƬƠƦfc	get_open1
ƑƲʆƖƑƲƧƇƛƬƠƦFc	get_open2
ƑƲʆƖƑƲƧƇƛƬƠƦgc	get_Run
ƑƲʆƖƑƲƧƇƛƬƠƦGc	get_unknown
ƑƲʆƖƑƲƧƇƛƬƠƦhc	resourceMan
ƑƲʆƖƑƲƧƇƛƬƠƦHc	resourceCulture
ƑƲʆƖƑƲƧƇƛƬƠƦic	ResourceManager
ƑƲʆƖƑƲƧƇƛƬƠƦIc	Culture
ƑƲʆƖƑƲƧƇƛƬƠƦjc	_1582967204532
ƑƲʆƖƑƲƧƇƛƬƠƦJc	_7uJh9W
ƑƲʆƖƑƲƧƇƛƬƠƦkc	_7uJh9W1
ƑƲʆƖƑƲƧƇƛƬƠƦKc	_936_9363053_easy_button_png_share_icon_transparent
ƑƲʆƖƑƲƧƇƛƬƠƦlc	_default
ƑƲʆƖƑƲƧƇƛƬƠƦLc	antisst
ƑƲʆƖƑƲƧƇƛƬƠƦmc	clear
ƑƲʆƖƑƲƧƇƛƬƠƦMc	Execute
ƑƲʆƖƑƲƧƇƛƬƠƦnc	ezgif_com_webp_to_jpg
ƑƲʆƖƑƲƧƇƛƬƠƦNc	open
ƑƲʆƖƑƲƧƇƛƬƠƦoc	open1
ƑƲʆƖƑƲƧƇƛƬƠƦOc	open2
ƑƲʆƖƑƲƧƇƛƬƠƦpc	Run
ƑƲʆƖƑƲƧƇƛƬƠƦPc	unknown
ƑƲʆƖƑƲƧƇƛƬƠƦqc	get_Default
ƑƲʆƖƑƲƧƇƛƬƠƦQc	defaultInstance
ƑƲʆƖƑƲƧƇƛƬƠƦrc	CridentProtector
ƑƲʆƖƑƲƧƇƛƬƠƦRc	f57634dfdf5a49a7a4dc50ae6116bcbe
ƑƲʆƖƑƲƧƇƛƬƠƦsc	8c98094223017fc73fb9bb17f035f33c
ƑƲʆƖƑƲƧƇƛƬƠƦSc	abf228e4af54b24bc37bd2050302b2ae
ƑƲʆƖƑƲƧƇƛƬƠƦtc	e7a5259f2892aca10a626c368ded5fac
ƑƲʆƖƑƲƧƇƛƬƠƦTc	4af9a3914d51d72a235efb1caf3cd9c4
ƑƲʆƖƑƲƧƇƛƬƠƦuc	122384b4f425fb54dd0801d07b42e008
ƑƲʆƖƑƲƧƇƛƬƠƦUc	719694a7f0b763ca553d57391ff99895
ƑƲʆƖƑƲƧƇƛƬƠƦvc	12905ab3df916d168448b63886455b64
ƑƲʆƖƑƲƧƇƛƬƠƦVc	ae655ab1bcc161429ee5f1c0bb56eef5
ƑƲʆƖƑƲƧƇƛƬƠƦwc	b0c66764981b7109327038b436a0caa1
ƑƲʆƖƑƲƧƇƛƬƠƦWc	2575bf19189d7c99c67db47042c871e0
ƑƲʆƖƑƲƧƇƛƬƠƦxc	689f294b53cb0d5b00ff3fa6aa3d3ac5
ƑƲʆƖƑƲƧƇƛƬƠƦXc	71dfb048ebbebdeec73a8af3c2d7dfeb
ƑƲʆƖƑƲƧƇƛƬƠƦyc	f9ebaaf7febcfe96472ce6b4cb443fa9
ƑƲʆƖƑƲƧƇƛƬƠƦYc	5c1079d8862033f3686f1676a6b44324
ƑƲʆƖƑƲƧƇƛƬƠƦzc	14a537a2ae5410851d053ecfa31b1853
ƑƲʆƖƑƲƧƇƛƬƠƦZc	b9edb18b5b78d4bf8cd530e6d96a72ec
ƑƲʆƖƑƲƧƇƛƬƠƦ0c	af804102dec35e6e09c0ff19f9b7f0b0
ƑƲʆƖƑƲƧƇƛƬƠƦ1c	4f0862dfb5d2dd877b15c16a9b6e3ccb
ƑƲʆƖƑƲƧƇƛƬƠƦ2c	77e71e907d7dad568938b12ac93ec331
ƑƲʆƖƑƲƧƇƛƬƠƦ3c	22c1c11adef1c76a36e85e4bf43b950d
ƑƲʆƖƑƲƧƇƛƬƠƦ4c	5e140a20fc7a9b8b763c71e2ab968e4d
ƑƲʆƖƑƲƧƇƛƬƠƦ5c	30e474a104d54477994e75cb208ce0d0
ƑƲʆƖƑƲƧƇƛƬƠƦ6c	a1794c39fc887e522b6996e109b3038d
ƑƲʆƖƑƲƧƇƛƬƠƦ7c	e5191773229aef5bbf8722b524fe3024
ƑƲʆƖƑƲƧƇƛƬƠƦ8c	317d52e3527d1ba8ada06e0ec5018428
ƑƲʆƖƑƲƧƇƛƬƠƦ9c	b890264c408d9eea03f111b2953c224c
ƑƲʆƖƑƲƧƇƛƬƠƦaC	9e3f2e5cb6cdbef716d2067adaa8ab3c
ƑƲʆƖƑƲƧƇƛƬƠƦAC	c916b0c297023819bf0925927de04305
ƑƲʆƖƑƲƧƇƛƬƠƦbC	d0eb1069cb69a9feee137634fbb364a9
ƑƲʆƖƑƲƧƇƛƬƠƦBC	deb345021d81d090a5ed359edd2124a4
ƑƲʆƖƑƲƧƇƛƬƠƦcC	4e84bacf00c6b07d1a0ff731a036d393
ƑƲʆƖƑƲƧƇƛƬƠƦCC	ffaa76a26eb677e5a5b61e4c5f4dadd7
ƑƲʆƖƑƲƧƇƛƬƠƦdC	7270b53dbd6907119aba528b1e065601
ƑƲʆƖƑƲƧƇƛƬƠƦDC	2ebdb6d6d64fb0f67a2888bd9bd32895
ƑƲʆƖƑƲƧƇƛƬƠƦeC	7d32968ce7249c35e25903c605af0da9
ƑƲʆƖƑƲƧƇƛƬƠƦEC	faf7cac2ba3bd0a37a9bfed9cc4895cc
ƑƲʆƖƑƲƧƇƛƬƠƦfC	30d56f5499fbeab0f75b2ab30acaa4ca
ƑƲʆƖƑƲƧƇƛƬƠƦFC	0ecdaf1c0de7b6c1e5a74b635ec572b4
ƑƲʆƖƑƲƧƇƛƬƠƦgC	0bebe0575d0099449d05e67627b35323
ƑƲʆƖƑƲƧƇƛƬƠƦGC	4fb226ad749da56b9979d72caf0d6dd0
ƑƲʆƖƑƲƧƇƛƬƠƦhC	59d05aed47b9d3ede3b83b9d45038050
ƑƲʆƖƑƲƧƇƛƬƠƦHC	9dffa1e2fe71905a3323c58a545d74d6
ƑƲʆƖƑƲƧƇƛƬƠƦiC	8d42119cc585e81fd95a86b49ba07df7
ƑƲʆƖƑƲƧƇƛƬƠƦIC	a9c32d00274eced1f070143cbc05cb9b
ƑƲʆƖƑƲƧƇƛƬƠƦjC	b0c2c6c4090b56f535631eade9ee7023
ƑƲʆƖƑƲƧƇƛƬƠƦJC	43c39960a82ab90023ea23a3e6202758
ƑƲʆƖƑƲƧƇƛƬƠƦkC	9c69be3fcb33c23b0c54678ce079ed12
ƑƲʆƖƑƲƧƇƛƬƠƦKC	37766f8121dffb32fddd0568872b1322
ƑƲʆƖƑƲƧƇƛƬƠƦlC	e60bf2ae589c8e2dfc23c2f46b94bff3
ƑƲʆƖƑƲƧƇƛƬƠƦLC	4bda9b9b5ef56602f3f6e2b60f703f02
ƑƲʆƖƑƲƧƇƛƬƠƦmC	dbaeb637431daa5e6ef1db5f268745b8
ƑƲʆƖƑƲƧƇƛƬƠƦMC	0b4617983de24ccd9c03cc8a47caf84f
ƑƲʆƖƑƲƧƇƛƬƠƦnC	4afaeb6096c05edaaf6037b56727c86d
ƑƲʆƖƑƲƧƇƛƬƠƦNC	1da3aaea8c33e802ae9bab05d5c42303
ƑƲʆƖƑƲƧƇƛƬƠƦoC	eef599cb9067989ffd55991a01a05a90
ƑƲʆƖƑƲƧƇƛƬƠƦOC	f090cfb458f7bd28674ca1fc80d50fa9
ƑƲʆƖƑƲƧƇƛƬƠƦpC	b57abad8d455025d2c9d7749eaf423ac
ƑƲʆƖƑƲƧƇƛƬƠƦPC	df2e89b4c859aaa9d715a3c35c2b4fe2
ƑƲʆƖƑƲƧƇƛƬƠƦqC	30c1ead7619cdf4a5978ab6a9267bb3b
ƑƲʆƖƑƲƧƇƛƬƠƦQC	633d81bdb54deb26c14735dd23c13e49
ƑƲʆƖƑƲƧƇƛƬƠƦrC	2c4ab761b200725bcf42c044c99e42e5
ƑƲʆƖƑƲƧƇƛƬƠƦRC	7826f9fd4b9a80bf6b5739cede5d228f
ƑƲʆƖƑƲƧƇƛƬƠƦsC	147c00679050aee80467adf125cbb0ee
ƑƲʆƖƑƲƧƇƛƬƠƦSC	9839aa2bde8f46803851dce622906379
ƑƲʆƖƑƲƧƇƛƬƠƦtC	14714a42e047e5ff54b82d3b568a1970
ƑƲʆƖƑƲƧƇƛƬƠƦTC	8f36a7f122e2396a8d855bb6ddc170de
ƑƲʆƖƑƲƧƇƛƬƠƦuC	191a191f4b2e30d6dba9cc7594bf4980
ƑƲʆƖƑƲƧƇƛƬƠƦUC	82ebf6ad48fff924e150e284b87bbccc
ƑƲʆƖƑƲƧƇƛƬƠƦvC	a41e56e0ab3a7b06e6db6dec97fd6935
ƑƲʆƖƑƲƧƇƛƬƠƦVC	abf51328647f6451ec3b3d7b4b6d3484
ƑƲʆƖƑƲƧƇƛƬƠƦwC	72af652ca2ee13bce987200d2c6e9d58
ƑƲʆƖƑƲƧƇƛƬƠƦWC	f56305d300ee0e2b4dffa7f4704a9907
ƑƲʆƖƑƲƧƇƛƬƠƦxC	110f8a080d6bd5780a063c2f05b9f4c4
ƑƲʆƖƑƲƧƇƛƬƠƦXC	e975c769e35ffc9c292922d20888de17
ƑƲʆƖƑƲƧƇƛƬƠƦyC	340a5cbfa4ae3124317ae0d0e0fc6b95
ƑƲʆƖƑƲƧƇƛƬƠƦYC	a35029fe2593974bb41855b5156624d9
ƑƲʆƖƑƲƧƇƛƬƠƦzC	1fe246b391c4c982420a5b01c980f86f
ƑƲʆƖƑƲƧƇƛƬƠƦZC	0a3dd193c2c2d8eafb980224ba555a50
ƑƲʆƖƑƲƧƇƛƬƠƦ0C	f502ad1768b7926588832b2e6ddf5c3e
ƑƲʆƖƑƲƧƇƛƬƠƦ1C	6e29bd45a42dd6572c0199ed2ff12aa4
ƑƲʆƖƑƲƧƇƛƬƠƦ2C	ef2ebe9859b1ee7609316b8c4701ef0c
ƑƲʆƖƑƲƧƇƛƬƠƦ3C	47d3075c0190ebb385db8532730ffaaa
ƑƲʆƖƑƲƧƇƛƬƠƦ4C	300b5b3958d71b074c9f086ee9feb6a0
ƑƲʆƖƑƲƧƇƛƬƠƦ5C	ae014b8b19916cbc5c9a20d7ef0942d7
ƑƲʆƖƑƲƧƇƛƬƠƦ6C	88ada2694c1994e0a743e8bb31a41502
ƑƲʆƖƑƲƧƇƛƬƠƦ7C	65d26f6483b90acf8c6933dbb438a33c
ƑƲʆƖƑƲƧƇƛƬƠƦ8C	0ab0cf33c627106b71b72057656ac3a9
ƑƲʆƖƑƲƧƇƛƬƠƦ9C	54d855cd85c4c4c528043c23567eb467
ƑƲʆƖƑƲƧƇƛƬƠƦad	0f3126f10c33e1f92dd40cf48fcf1843
ƑƲʆƖƑƲƧƇƛƬƠƦAd	d9d1c9f958c48ea81caa06ecfa3ea511
ƑƲʆƖƑƲƧƇƛƬƠƦbd	9a9536ba1786965a8a5d8643057cba1b
ƑƲʆƖƑƲƧƇƛƬƠƦBd	76fbaf183a63063c33de9f5202570c44
ƑƲʆƖƑƲƧƇƛƬƠƦcd	6c34b7022ab2ab20606a2a907e4c64dd
ƑƲʆƖƑƲƧƇƛƬƠƦCd	c855ffc955a75eeea191675e72e3d6bd
ƑƲʆƖƑƲƧƇƛƬƠƦdd	14671bd65506be7bb64ad5978273b700
ƑƲʆƖƑƲƧƇƛƬƠƦDd	3caf7c33350343ebc25f384d841b9d40
ƑƲʆƖƑƲƧƇƛƬƠƦed	7850caf00768b8ce654db8ec1facca22
ƑƲʆƖƑƲƧƇƛƬƠƦEd	2eb765878e13042da0bd879d07319079
ƑƲʆƖƑƲƧƇƛƬƠƦfd	e0429a5287b9b17803ec890b483e258b
ƑƲʆƖƑƲƧƇƛƬƠƦFd	8eecd1ddcc499df8b96b72a0bb36c5e3
ƑƲʆƖƑƲƧƇƛƬƠƦgd	84052c382d0356a72b8a01b5d63d2bc4
ƑƲʆƖƑƲƧƇƛƬƠƦGd	4a65380bb90349d42f55da92449d799c
ƑƲʆƖƑƲƧƇƛƬƠƦhd	dd45a21c633dbefa54908e50809d719b
ƑƲʆƖƑƲƧƇƛƬƠƦHd	bd2e8c2b9f46600b2a900eb18421a7a4
ƑƲʆƖƑƲƧƇƛƬƠƦid	686450ab31bf36f91229e44a5eb415c7
ƑƲʆƖƑƲƧƇƛƬƠƦId	2c95078410f4c28d3c6e1d23c8794f34
ƑƲʆƖƑƲƧƇƛƬƠƦjd	8f86c7d160686a4930bc53a51cb7e554
ƑƲʆƖƑƲƧƇƛƬƠƦJd	c8e7024c7ad7a25604b92b400c9e7503
ƑƲʆƖƑƲƧƇƛƬƠƦkd	94a2bc95fff9214a5cce0e9c3726420d
ƑƲʆƖƑƲƧƇƛƬƠƦKd	20e460088fe1894c386fac7660237bd0
ƑƲʆƖƑƲƧƇƛƬƠƦld	0435f87ac6e17a7cf5e5337b80aebfb3
ƑƲʆƖƑƲƧƇƛƬƠƦLd	60752b20bcffcdbe0fa45bf5060eed60
ƑƲʆƖƑƲƧƇƛƬƠƦmd	5dee65d28a2bc71ec946ada46fa1b121
ƑƲʆƖƑƲƧƇƛƬƠƦMd	027c9bc449325e30c8a92f7b0e84a03a
ƑƲʆƖƑƲƧƇƛƬƠƦnd	2e2fef903bdb6ceddc93a8ba72f5cb72
ƑƲʆƖƑƲƧƇƛƬƠƦNd	9e1d8a25c16cd3949b1f82cee8e8adae
ƑƲʆƖƑƲƧƇƛƬƠƦod	af38d00a9b47b00a90ffb39f7041a7b7
ƑƲʆƖƑƲƧƇƛƬƠƦOd	39249a3215be9ab23663ac84c1bfade6
ƑƲʆƖƑƲƧƇƛƬƠƦpd	ad17c620b2e31b3d762ad8f6a730cb6f
ƑƲʆƖƑƲƧƇƛƬƠƦPd	7875e4ad187257c1f224f7baa35d2bd7
ƑƲʆƖƑƲƧƇƛƬƠƦqd	5eac6664fdffb0003b3f323f2287dffe
ƑƲʆƖƑƲƧƇƛƬƠƦQd	d7254f9e030b99eda0ca8a6cac07c828
ƑƲʆƖƑƲƧƇƛƬƠƦrd	c880207b3aca9d47ba808d184ec8e296
ƑƲʆƖƑƲƧƇƛƬƠƦRd	a34f1fe0020f54ce3479beb32425fcc1
ƑƲʆƖƑƲƧƇƛƬƠƦsd	17094beeca72600af408bc2716b8b915
ƑƲʆƖƑƲƧƇƛƬƠƦSd	ad2978e4f6524965524ff846760b37c4
ƑƲʆƖƑƲƧƇƛƬƠƦtd	7f7410a0a5810f54b370a485ab16d7bb
ƑƲʆƖƑƲƧƇƛƬƠƦTd	80725375fc609a6a36f49f30968d83dc
ƑƲʆƖƑƲƧƇƛƬƠƦud	24f5b32f97a205ef4015c68da7ff7245
ƑƲʆƖƑƲƧƇƛƬƠƦUd	769ec53b47b04b6c3b1d190a346b6f41
ƑƲʆƖƑƲƧƇƛƬƠƦvd	7f63064874268ddf9a86ba1542917aa4
ƑƲʆƖƑƲƧƇƛƬƠƦVd	2bcc7ab832aef78e054c6a4238aa63aa
ƑƲʆƖƑƲƧƇƛƬƠƦwd	6775b04a031e1ac3c59327e194657ed0
ƑƲʆƖƑƲƧƇƛƬƠƦWd	22bc613f333eb6ca8f0a3799b479ae69
ƑƲʆƖƑƲƧƇƛƬƠƦxd	0e6d6a7105306f8c564f54b93f9b4d82
ƑƲʆƖƑƲƧƇƛƬƠƦXd	07cfde1fe46487236423979eb35bb8ab
ƑƲʆƖƑƲƧƇƛƬƠƦyd	5abaccb0ae14bfa654f9306148863caa
ƑƲʆƖƑƲƧƇƛƬƠƦYd	36e267b36eb3da87ad145c49dde704ea
ƑƲʆƖƑƲƧƇƛƬƠƦzd	0986b7b7206663d0797beb071d7a0632
ƑƲʆƖƑƲƧƇƛƬƠƦZd	e3ba3dde909576d215dd612794fd75f5
ƑƲʆƖƑƲƧƇƛƬƠƦ0d	34eef6880584be0496bea2490e4827ec
ƑƲʆƖƑƲƧƇƛƬƠƦ1d	a48a4c0ecda2972db5e85f74c675fd1c
ƑƲʆƖƑƲƧƇƛƬƠƦ2d	8be5a5027517afd722427feb03a52fc4
ƑƲʆƖƑƲƧƇƛƬƠƦ3d	6f6153a9b892d7f570f3c439a13e0b1f
ƑƲʆƖƑƲƧƇƛƬƠƦ4d	52e482a4f4409d8abf71d570eb3a4e08
ƑƲʆƖƑƲƧƇƛƬƠƦ5d	aeef95820f02950f6313a032ee346478
ƑƲʆƖƑƲƧƇƛƬƠƦ6d	a5c2fa9d1e92f33b0171b66b50220945
ƑƲʆƖƑƲƧƇƛƬƠƦ7d	3262490e2f33ccf175c7e75cf321f71b
ƑƲʆƖƑƲƧƇƛƬƠƦ8d	eb1c3aee6f9fedd2aa545c7f2ac9a5b8
ƑƲʆƖƑƲƧƇƛƬƠƦ9d	5b2993cd8c815e98c2db3b02ff44c7fa
ƑƲʆƖƑƲƧƇƛƬƠƦaD	f0ad2f9a37bf797b3175f8f3c4b01505
ƑƲʆƖƑƲƧƇƛƬƠƦAD	5b6190e8b7627a6d94c0248786cea03c
ƑƲʆƖƑƲƧƇƛƬƠƦbD	50bbc65b1a572e2583935f22c73946a5
ƑƲʆƖƑƲƧƇƛƬƠƦBD	8c551428590d35c7eee1c6d45f46a417
ƑƲʆƖƑƲƧƇƛƬƠƦcD	7282e0bf71cdc28d673c49e2252d6865
ƑƲʆƖƑƲƧƇƛƬƠƦCD	e5dfe8c3eef3a538ca91085527a7baed
ƑƲʆƖƑƲƧƇƛƬƠƦdD	9f9c8351c8bf43f501534c5b64d2f7fb
ƑƲʆƖƑƲƧƇƛƬƠƦDD	76eb8f171add877b07acfc890c519774
ƑƲʆƖƑƲƧƇƛƬƠƦeD	b0fff3f4634d150b6cfdfaaa7147c82d
ƑƲʆƖƑƲƧƇƛƬƠƦED	6387d7612780eb58a7335fea196941db
ƑƲʆƖƑƲƧƇƛƬƠƦfD	1936cf4ddb9bd795f2a86874fe5781ba
ƑƲʆƖƑƲƧƇƛƬƠƦFD	f6654389cb040a93cdc0ace112985f7a
ƑƲʆƖƑƲƧƇƛƬƠƦgD	f7f4431cb9fefe8a7acb3f43a6956e5c
ƑƲʆƖƑƲƧƇƛƬƠƦGD	6024e15fbbf5600f2801ce87f509233b
ƑƲʆƖƑƲƧƇƛƬƠƦhD	8f322e619f6b5a9fe0f49c781cc84ec7
ƑƲʆƖƑƲƧƇƛƬƠƦHD	32335ff12c2aee461f3c916021b26d0c
ƑƲʆƖƑƲƧƇƛƬƠƦiD	1a34c576128eb5c8144bd77abe0004a0
ƑƲʆƖƑƲƧƇƛƬƠƦID	7274524a884106408b4330f22256c256
ƑƲʆƖƑƲƧƇƛƬƠƦjD	8228d236fd046622da238e6818660046
ƑƲʆƖƑƲƧƇƛƬƠƦJD	076f5b3db3f0803886d6421a16b7343d
ƑƲʆƖƑƲƧƇƛƬƠƦkD	a1a39c65ccd6e06768d5022d30f9c404
